// Jest Snapshot v1, https://goo.gl/fbAQLP

exports[`renders UploadPage renders itself and UploadForm correctly 1`] = `
<div
  className="UploadForm-form-18"
>
  <form
    className="UploadForm-container-17"
    id="upload-form"
    onSubmit={[Function]}
  >
    <div
      className="Dropdown-textField-25"
    >
      <div
        aria-expanded={false}
        aria-haspopup="listbox"
        aria-labelledby="downshift-0-label"
        aria-owns={null}
        role="combobox"
      >
        <div
          className="MuiFormControl-root-26 MuiFormControl-fullWidth-29"
        >
          <label
            className="MuiFormLabel-root-41 MuiInputLabel-root-30 MuiInputLabel-formControl-35 MuiInputLabel-animated-38"
            data-shrink={false}
            htmlFor="downshift-0-input"
            id="downshift-0-label"
          >
            Missing translationId: upload.form.material_label for language: \${ languageCode }
          </label>
          <div
            aria-activedescendant={null}
            aria-autocomplete="list"
            aria-controls={null}
            aria-labelledby="downshift-0-label"
            className="MuiInputBase-root-61 MuiInput-root-48 MuiInput-underline-52 MuiInputBase-formControl-62 MuiInput-formControl-49 MuiInputBase-adornedEnd-66"
            onClick={[Function]}
          >
            <input
              aria-invalid={false}
              autoComplete="off"
              className="MuiInputBase-input-71 MuiInput-input-56 MuiInputBase-inputAdornedEnd-77"
              disabled={false}
              id="material"
              onBlur={[Function]}
              onChange={[Function]}
              onFocus={[Function]}
              onKeyDown={[Function]}
              required={false}
              type="text"
              value=""
            />
            <div
              className="MuiInputAdornment-root-78 MuiInputAdornment-positionEnd-81"
            >
              <button
                aria-label="Toggle menu open"
                className="MuiButtonBase-root-89 MuiIconButton-root-83"
                disabled={false}
                onBlur={[Function]}
                onClick={[Function]}
                onContextMenu={[Function]}
                onFocus={[Function]}
                onKeyDown={[Function]}
                onKeyUp={[Function]}
                onMouseDown={[Function]}
                onMouseLeave={[Function]}
                onMouseUp={[Function]}
                onTouchEnd={[Function]}
                onTouchMove={[Function]}
                onTouchStart={[Function]}
                tabIndex="0"
                type="button"
              >
                <span
                  className="MuiIconButton-label-88"
                >
                  <svg
                    aria-hidden="true"
                    className="MuiSvgIcon-root-92"
                    focusable="false"
                    role="presentation"
                    viewBox="0 0 24 24"
                  >
                    <path
                      d="M7 10l5 5 5-5z"
                    />
                    <path
                      d="M0 0h24v24H0z"
                      fill="none"
                    />
                  </svg>
                </span>
                <span
                  className="MuiTouchRipple-root-225"
                />
              </button>
            </div>
          </div>
          <p
            className="MuiFormHelperText-root-101"
          >
            Missing translationId: upload.form.material_helptext for language: \${ languageCode } (0 choices)
          </p>
        </div>
      </div>
    </div>
    <div
      className="Dropdown-textField-25"
    >
      <div
        aria-expanded={false}
        aria-haspopup="listbox"
        aria-labelledby="downshift-1-label"
        aria-owns={null}
        role="combobox"
      >
        <div
          className="MuiFormControl-root-26 MuiFormControl-fullWidth-29"
        >
          <label
            className="MuiFormLabel-root-41 MuiInputLabel-root-30 MuiInputLabel-formControl-35 MuiInputLabel-animated-38"
            data-shrink={false}
            htmlFor="downshift-1-input"
            id="downshift-1-label"
          >
            Missing translationId: upload.form.application_label for language: \${ languageCode }
          </label>
          <div
            aria-activedescendant={null}
            aria-autocomplete="list"
            aria-controls={null}
            aria-labelledby="downshift-1-label"
            className="MuiInputBase-root-61 MuiInput-root-48 MuiInput-underline-52 MuiInputBase-formControl-62 MuiInput-formControl-49 MuiInputBase-adornedEnd-66"
            onClick={[Function]}
          >
            <input
              aria-invalid={false}
              autoComplete="off"
              className="MuiInputBase-input-71 MuiInput-input-56 MuiInputBase-inputAdornedEnd-77"
              disabled={false}
              id="application"
              onBlur={[Function]}
              onChange={[Function]}
              onFocus={[Function]}
              onKeyDown={[Function]}
              required={false}
              type="text"
              value=""
            />
            <div
              className="MuiInputAdornment-root-78 MuiInputAdornment-positionEnd-81"
            >
              <button
                aria-label="Toggle menu open"
                className="MuiButtonBase-root-89 MuiIconButton-root-83"
                disabled={false}
                onBlur={[Function]}
                onClick={[Function]}
                onContextMenu={[Function]}
                onFocus={[Function]}
                onKeyDown={[Function]}
                onKeyUp={[Function]}
                onMouseDown={[Function]}
                onMouseLeave={[Function]}
                onMouseUp={[Function]}
                onTouchEnd={[Function]}
                onTouchMove={[Function]}
                onTouchStart={[Function]}
                tabIndex="0"
                type="button"
              >
                <span
                  className="MuiIconButton-label-88"
                >
                  <svg
                    aria-hidden="true"
                    className="MuiSvgIcon-root-92"
                    focusable="false"
                    role="presentation"
                    viewBox="0 0 24 24"
                  >
                    <path
                      d="M7 10l5 5 5-5z"
                    />
                    <path
                      d="M0 0h24v24H0z"
                      fill="none"
                    />
                  </svg>
                </span>
                <span
                  className="MuiTouchRipple-root-225"
                />
              </button>
            </div>
          </div>
          <p
            className="MuiFormHelperText-root-101"
          >
            Missing translationId: upload.form.application_helptext for language: \${ languageCode } (0 choices)
          </p>
        </div>
      </div>
    </div>
    <div
      className="Dropdown-textField-25"
    >
      <div
        aria-expanded={false}
        aria-haspopup="listbox"
        aria-labelledby="downshift-2-label"
        aria-owns={null}
        role="combobox"
      >
        <div
          className="MuiFormControl-root-26 MuiFormControl-fullWidth-29"
        >
          <label
            className="MuiFormLabel-root-41 MuiInputLabel-root-30 MuiInputLabel-formControl-35 MuiInputLabel-animated-38"
            data-shrink={false}
            htmlFor="downshift-2-input"
            id="downshift-2-label"
          >
            Missing translationId: upload.form.container_label for language: \${ languageCode }
          </label>
          <div
            aria-activedescendant={null}
            aria-autocomplete="list"
            aria-controls={null}
            aria-labelledby="downshift-2-label"
            className="MuiInputBase-root-61 MuiInput-root-48 MuiInput-underline-52 MuiInputBase-formControl-62 MuiInput-formControl-49 MuiInputBase-adornedEnd-66"
            onClick={[Function]}
          >
            <input
              aria-invalid={false}
              autoComplete="off"
              className="MuiInputBase-input-71 MuiInput-input-56 MuiInputBase-inputAdornedEnd-77"
              disabled={false}
              id="container"
              onBlur={[Function]}
              onChange={[Function]}
              onFocus={[Function]}
              onKeyDown={[Function]}
              required={false}
              type="text"
              value=""
            />
            <div
              className="MuiInputAdornment-root-78 MuiInputAdornment-positionEnd-81"
            >
              <button
                aria-label="Toggle menu open"
                className="MuiButtonBase-root-89 MuiIconButton-root-83"
                disabled={false}
                onBlur={[Function]}
                onClick={[Function]}
                onContextMenu={[Function]}
                onFocus={[Function]}
                onKeyDown={[Function]}
                onKeyUp={[Function]}
                onMouseDown={[Function]}
                onMouseLeave={[Function]}
                onMouseUp={[Function]}
                onTouchEnd={[Function]}
                onTouchMove={[Function]}
                onTouchStart={[Function]}
                tabIndex="0"
                type="button"
              >
                <span
                  className="MuiIconButton-label-88"
                >
                  <svg
                    aria-hidden="true"
                    className="MuiSvgIcon-root-92"
                    focusable="false"
                    role="presentation"
                    viewBox="0 0 24 24"
                  >
                    <path
                      d="M7 10l5 5 5-5z"
                    />
                    <path
                      d="M0 0h24v24H0z"
                      fill="none"
                    />
                  </svg>
                </span>
                <span
                  className="MuiTouchRipple-root-225"
                />
              </button>
            </div>
          </div>
          <p
            className="MuiFormHelperText-root-101"
          >
            Missing translationId: upload.form.container_helptext for language: \${ languageCode }
          </p>
        </div>
      </div>
    </div>
    <div
      className="Dropdown-textField-25"
    >
      <div
        aria-expanded={false}
        aria-haspopup="listbox"
        aria-labelledby="downshift-3-label"
        aria-owns={null}
        role="combobox"
      >
        <div
          className="MuiFormControl-root-26 MuiFormControl-fullWidth-29"
        >
          <label
            className="MuiFormLabel-root-41 MuiInputLabel-root-30 MuiInputLabel-formControl-35 MuiInputLabel-animated-38"
            data-shrink={false}
            htmlFor="downshift-3-input"
            id="downshift-3-label"
          >
            Missing translationId: upload.form.species_label for language: \${ languageCode }
          </label>
          <div
            aria-activedescendant={null}
            aria-autocomplete="list"
            aria-controls={null}
            aria-labelledby="downshift-3-label"
            className="MuiInputBase-root-61 MuiInput-root-48 MuiInput-underline-52 MuiInputBase-formControl-62 MuiInput-formControl-49 MuiInputBase-adornedEnd-66"
            onClick={[Function]}
          >
            <input
              aria-invalid={false}
              autoComplete="off"
              className="MuiInputBase-input-71 MuiInput-input-56 MuiInputBase-inputAdornedEnd-77"
              disabled={false}
              id="species"
              onBlur={[Function]}
              onChange={[Function]}
              onFocus={[Function]}
              onKeyDown={[Function]}
              required={false}
              type="text"
              value=""
            />
            <div
              className="MuiInputAdornment-root-78 MuiInputAdornment-positionEnd-81"
            >
              <button
                aria-label="Toggle menu open"
                className="MuiButtonBase-root-89 MuiIconButton-root-83"
                disabled={false}
                onBlur={[Function]}
                onClick={[Function]}
                onContextMenu={[Function]}
                onFocus={[Function]}
                onKeyDown={[Function]}
                onKeyUp={[Function]}
                onMouseDown={[Function]}
                onMouseLeave={[Function]}
                onMouseUp={[Function]}
                onTouchEnd={[Function]}
                onTouchMove={[Function]}
                onTouchStart={[Function]}
                tabIndex="0"
                type="button"
              >
                <span
                  className="MuiIconButton-label-88"
                >
                  <svg
                    aria-hidden="true"
                    className="MuiSvgIcon-root-92"
                    focusable="false"
                    role="presentation"
                    viewBox="0 0 24 24"
                  >
                    <path
                      d="M7 10l5 5 5-5z"
                    />
                    <path
                      d="M0 0h24v24H0z"
                      fill="none"
                    />
                  </svg>
                </span>
                <span
                  className="MuiTouchRipple-root-225"
                />
              </button>
            </div>
          </div>
          <p
            className="MuiFormHelperText-root-101"
          >
            Missing translationId: upload.form.species_helptext for language: \${ languageCode } (0 choices)
          </p>
        </div>
      </div>
    </div>
    <div
      className="MuiFormControl-root-26 Input-textField-110"
    >
      <label
        className="MuiFormLabel-root-41 MuiInputLabel-root-30 MuiInputLabel-formControl-35 MuiInputLabel-animated-38"
        data-shrink={false}
        htmlFor="number_of_samples"
      >
        Missing translationId: upload.form.number_of_samples_label for language: \${ languageCode }
      </label>
      <div
        className="MuiInputBase-root-61 MuiInput-root-48 MuiInput-underline-52 MuiInputBase-formControl-62 MuiInput-formControl-49"
        onClick={[Function]}
      >
        <input
          aria-describedby="number_of_samples-helper-text"
          aria-invalid={false}
          className="MuiInputBase-input-71 MuiInput-input-56 MuiInputBase-inputType-74 MuiInput-inputType-59"
          disabled={false}
          id="number_of_samples"
          min={0}
          onBlur={[Function]}
          onChange={[Function]}
          onFocus={[Function]}
          required={false}
          type="number"
        />
      </div>
      <p
        className="MuiFormHelperText-root-101"
        id="number_of_samples-helper-text"
      >
        Missing translationId: upload.form.number_of_samples_helptext for language: \${ languageCode }
      </p>
    </div>
    <fieldset
      className="MuiFormControl-root-26"
    >
      <div
        className="MuiFormControl-root-26 Input-textField-110"
      >
        <label
          className="MuiFormLabel-root-41 MuiFormLabel-filled-45 MuiInputLabel-root-30 MuiInputLabel-formControl-35 MuiInputLabel-animated-38 MuiInputLabel-shrink-37"
          data-shrink={true}
          htmlFor="igo_request_id"
        >
          Missing translationId: upload.form.igo_request_id_label for language: \${ languageCode }
        </label>
        <div
          className="MuiInputBase-root-61 MuiInput-root-48 MuiInput-underline-52 MuiInputBase-formControl-62 MuiInput-formControl-49 MuiInputBase-adornedStart-65"
          onClick={[Function]}
        >
          <div
            className="MuiInputAdornment-root-78 MuiInputAdornment-positionStart-80"
          >
            <p
              className="MuiTypography-root-111 MuiTypography-body1-120 MuiTypography-colorTextSecondary-144"
            >
              IGO-
            </p>
          </div>
          <input
            aria-describedby="igo_request_id-helper-text"
            aria-invalid={false}
            className="MuiInputBase-input-71 MuiInput-input-56 MuiInputBase-inputType-74 MuiInput-inputType-59 MuiInputBase-inputAdornedStart-76"
            disabled={false}
            id="igo_request_id"
            onBlur={[Function]}
            onChange={[Function]}
            onFocus={[Function]}
            required={false}
            type="number"
            value="444444"
          />
        </div>
        <p
          className="MuiFormHelperText-root-101 MuiFormHelperText-filled-107"
          id="igo_request_id-helper-text"
        >
          Missing translationId: upload.form.igo_request_id_helptext for language: \${ languageCode }
        </p>
      </div>
      <div
        className="CheckboxComponent-container-147"
      >
        <label
          className="MuiFormControlLabel-root-150"
        >
          <span
            className="MuiButtonBase-root-89 MuiIconButton-root-83 MuiPrivateSwitchBase-root-162 MuiCheckbox-root-156 MuiCheckbox-colorSecondary-161"
            onBlur={[Function]}
            onContextMenu={[Function]}
            onFocus={[Function]}
            onKeyDown={[Function]}
            onKeyUp={[Function]}
            onMouseDown={[Function]}
            onMouseLeave={[Function]}
            onMouseUp={[Function]}
            onTouchEnd={[Function]}
            onTouchMove={[Function]}
            onTouchStart={[Function]}
            tabIndex={null}
          >
            <span
              className="MuiIconButton-label-88"
            >
              <svg
                aria-hidden="true"
                className="MuiSvgIcon-root-92 MuiSvgIcon-fontSizeSmall-99"
                focusable="false"
                role="presentation"
                viewBox="0 0 24 24"
              >
                <path
                  d="M19 5v14H5V5h14m0-2H5c-1.1 0-2 .9-2 2v14c0 1.1.9 2 2 2h14c1.1 0 2-.9 2-2V5c0-1.1-.9-2-2-2z"
                />
                <path
                  d="M0 0h24v24H0z"
                  fill="none"
                />
              </svg>
              <input
                checked={false}
                className="MuiPrivateSwitchBase-input-165"
                data-indeterminate={false}
                disabled={false}
                onChange={[Function]}
                type="checkbox"
                value="igo_alternative_id"
              />
            </span>
            <span
              className="MuiTouchRipple-root-225"
            />
          </span>
          <span
            className="MuiTypography-root-111 MuiTypography-body1-120 MuiFormControlLabel-label-155"
          >
            Missing translationId: upload.form.igo_alternative_id_label for language: \${ languageCode }
          </span>
        </label>
        <div>
          <div
            className="MuiPaper-root-167 MuiPaper-elevation1-170 MuiPaper-rounded-168 MuiCard-root-166 CheckboxComponent-card-148"
            style={
              Object {
                "opacity": 0,
              }
            }
          >
            <div
              className="MuiCardContent-root-194 CheckboxComponent-content-149"
            >
              <p
                className="MuiTypography-root-111 MuiTypography-body1-120 MuiTypography-colorTextSecondary-144"
              >
                Missing translationId: upload.form.igo_alternative_id_helptext for language: \${ languageCode }
                 
              </p>
            </div>
          </div>
        </div>
      </div>
    </fieldset>
  </form>
  <div
    className="Button-wrapper-196"
  >
    <button
      className="MuiButtonBase-root-89 MuiButton-root-199 MuiButton-contained-210 MuiButton-containedSecondary-212 MuiButton-raised-213 MuiButton-raisedSecondary-215 Button-button-195"
      disabled={false}
      form="upload-form"
      onBlur={[Function]}
      onContextMenu={[Function]}
      onFocus={[Function]}
      onKeyDown={[Function]}
      onKeyUp={[Function]}
      onMouseDown={[Function]}
      onMouseLeave={[Function]}
      onMouseUp={[Function]}
      onTouchEnd={[Function]}
      onTouchMove={[Function]}
      onTouchStart={[Function]}
      tabIndex="0"
      type="submit"
    >
      <span
        className="MuiButton-label-200"
      >
        Missing translationId: upload.form.generate_button for language: \${ languageCode }
      </span>
      <span
        className="MuiTouchRipple-root-225"
      />
    </button>
    <div
      className="Button-nothingToChange-198"
      style={
        Object {
          "opacity": 0,
        }
      }
    >
      Missing translationId: upload.form.nothing_to_change for language: \${ languageCode }
    </div>
  </div>
   
</div>
`;
